<ul>
<li><img src="http://code.google.com/images/code_sm.png" /></li>
<li><img src="http://pirkaengine.org/img/a.jpg" /></li>
<li><img src="http://pirkaengine.org/img/a.jpeg" /></li>
<li><img src="http://pirkaengine.org/img/a.gif" /></li>
<li><img src="http://pirkaengine.org/img/a.bmp" /></li>
<li><img src="http://pirkaengine.org/img/A.JPG" /></li>
</ul>
